[backblue.gif]
[fade.gif]
[index.html]
[wrenoptionstrade.com/images/features/feature1.jpg]
[wrenoptionstrade.com/images/favicon.png]
[kit.fontawesome.com/b1e2cc998d.js]
[www.smartsuppchat.com/loaderd41d.js]
[wrenoptionstrade.com/images/tradeedge.png]
[translate.google.com/translate_a/elementa0d8.js]
[wrenoptionstrade.com/images/slider/bgt.jpg]
[wrenoptionstrade.com/Edge Trade Limited.pdf]
[wrenoptionstrade.com/images/intro-video.jpg]
[wrenoptionstrade.com/images/features/feature2.jpg]
[wrenoptionstrade.com/images/features/feature3.jpg]
[wrenoptionstrade.com/images/forex_trade.jpg]
[wrenoptionstrade.com/images/services/service-single1.jpg]
[wrenoptionstrade.com/images/services/mutualfunds1.jpg]
[wrenoptionstrade.com/images/services/commodity1.jpg]
[wrenoptionstrade.com/images/services/realestate1.jpg]
[wrenoptionstrade.com/images/services/oil1.jpg]
[wrenoptionstrade.com/images/services/infrastructure1.jpg]
[wrenoptionstrade.com/images/tabs/img3.png]
[s3.tradingview.com/external-embedding/embed-widget-forex-cross-rates.js]
[wrenoptionstrade.com/js/jquery.js]
[wrenoptionstrade.com/js/popper.min.js]
[wrenoptionstrade.com/js/bootstrap.min.js]
[wrenoptionstrade.com/js/owl.carousel.min.js]
[wrenoptionstrade.com/js/jquery.counterup.min.js]
[wrenoptionstrade.com/js/waypoints.min.js]
[wrenoptionstrade.com/js/jquery.colorbox.js]
[wrenoptionstrade.com/js/smoothscroll.js]
[wrenoptionstrade.com/js/gmap3.js]
[wrenoptionstrade.com/js/custom.js]
[wrenoptionstrade.com/js/recent.js]
[wrenoptionstrade.com/index.html]
[wrenoptionstrade.com/Wrenoptionstrade.html]
[wrenoptionstrade.com/css/bootstrap.min.css]
[wrenoptionstrade.com/css/animate.css]
[wrenoptionstrade.com/css/morris.css]
[wrenoptionstrade.com/fonts/fontawesome-webfont5b625b625b62.eot]
[wrenoptionstrade.com/fonts/fontawesome-webfontd41dd41dd41d.eot]
[wrenoptionstrade.com/fonts/fontawesome-webfont5b625b625b62.woff2]
[wrenoptionstrade.com/fonts/fontawesome-webfont5b625b625b62.woff]
[wrenoptionstrade.com/fonts/fontawesome-webfont5b625b625b62.ttf]
[wrenoptionstrade.com/css/font-awesome.min.css]
[wrenoptionstrade.com/fonts/iconfont/iconfont8b658b658b65.ttf]
[wrenoptionstrade.com/fonts/iconfont/iconfont8b658b658b65.woff]
[wrenoptionstrade.com/css/icon-font.css]
[wrenoptionstrade.com/css/owl.carousel.min.css]
[wrenoptionstrade.com/css/owl.theme.default.min.css]
[wrenoptionstrade.com/css/colorbox.css]
[wrenoptionstrade.com/fonts/gilroy/gilroy-light-webfont.eot]
[wrenoptionstrade.com/fonts/gilroy/gilroy-light-webfontd41dd41dd41d.eot]
[wrenoptionstrade.com/fonts/gilroy/gilroy-light-webfont.woff2]
[wrenoptionstrade.com/fonts/gilroy/gilroy-light-webfont.woff]
[wrenoptionstrade.com/fonts/gilroy/gilroy-light-webfont.ttf]
[wrenoptionstrade.com/fonts/gilroy/gilroy-extrabold-webfont.eot]
[wrenoptionstrade.com/fonts/gilroy/gilroy-extrabold-webfontd41dd41dd41d.eot]
[wrenoptionstrade.com/fonts/gilroy/gilroy-extrabold-webfont.woff2]
[wrenoptionstrade.com/fonts/gilroy/gilroy-extrabold-webfont.woff]
[wrenoptionstrade.com/fonts/gilroy/gilroy-extrabold-webfont.ttf]
[wrenoptionstrade.com/images/pattern/bg_pattern1.png]
[wrenoptionstrade.com/images/pattern/pattern_arrow.png]
[wrenoptionstrade.com/images/pattern/pattern_box.png]
[wrenoptionstrade.com/images/pattern/bg_pattern2.png]
[wrenoptionstrade.com/images/parallax/parallax1.jpg]
[wrenoptionstrade.com/images/footer-bg.jpg]
[wrenoptionstrade.com/images/career/career_bg1.jpg]
[wrenoptionstrade.com/images/career/career_bg2.jpg]
[wrenoptionstrade.com/images/career/career_bg3.jpg]
[wrenoptionstrade.com/images/career/career_bg4.jpg]
[wrenoptionstrade.com/images/news/news1.jpg]
[wrenoptionstrade.com/css/style.css]
[wrenoptionstrade.com/css/custom.css]
[wrenoptionstrade.com/css/responsive.css]
[wrenoptionstrade.com/“https_/www.smartsupp.html]
[wrenoptionstrade.com/indexbc14.html]
[wrenoptionstrade.com/images/banner/banner1.jpg]
[wrenoptionstrade.com/images/pages/about_2.png]
[wrenoptionstrade.com/indexe47e.html]
[wrenoptionstrade.com/index5902.html]
[wrenoptionstrade.com/indexf14e.html]
[wrenoptionstrade.com/index4187.html]
[wrenoptionstrade.com/images/clients/client1.png]
[wrenoptionstrade.com/images/clients/client2.png]
[wrenoptionstrade.com/images/clients/client3.png]
[wrenoptionstrade.com/images/clients/client4.png]
[wrenoptionstrade.com/images/clients/client5.png]
[wrenoptionstrade.com/images/clients/client6.png]
[wrenoptionstrade.com/images/clients/client7.png]
[wrenoptionstrade.com/index8361.html]
[wrenoptionstrade.com/index9332.html]
[wrenoptionstrade.com/indexfc1d.html]
[wrenoptionstrade.com/images/services/stock1.jpg]
[wrenoptionstrade.com/indexf959.html]
[wrenoptionstrade.com/images/banner/forex.jpg]
[wrenoptionstrade.com/images/services/forex1.jpg]
[wrenoptionstrade.com/index2d5b.html]
[wrenoptionstrade.com/images/banner/banner2.jpg]
[wrenoptionstrade.com/index2a94.html]
[wrenoptionstrade.com/images/banner/banner5.jpg]
[wrenoptionstrade.com/indexc82c.html]
[wrenoptionstrade.com/images/banner/realestate.jpg]
[wrenoptionstrade.com/indexe266.html]
[wrenoptionstrade.com/images/banner/retirement.jpg]
[wrenoptionstrade.com/images/services/retirement1.jpg]
[wrenoptionstrade.com/index21d1.html]
[wrenoptionstrade.com/images/banner/infrastructure.jpg]
[wrenoptionstrade.com/index1c7d.html]
[wrenoptionstrade.com/images/banner/agriculture.jpg]
[wrenoptionstrade.com/images/services/agriculture1.jpg]
[wrenoptionstrade.com/index9712.html]
[wrenoptionstrade.com/index71fb.html]
[wrenoptionstrade.com/index2a19.html]
[wrenoptionstrade.com/images/banner/oil.jpg]
[wrenoptionstrade.com/indexb55f.html]
[wrenoptionstrade.com/images/banner/financial-planning.jpg]
[wrenoptionstrade.com/indexda1e.html]
[wrenoptionstrade.com/indexdcd5.html]
[wrenoptionstrade.com/indexdba9.html]
[wrenoptionstrade.com/index5428.html]
[image.cnbcfm.com/api/v1/image/106889022-1622101688991-gettyimages-1232214150-CHINA_SHANGHAI9826.jpg]
[static-22.sinclairstoryline.com/resources/media/14da3dad-329e-465d-b8b3-48e0ea072398-large16x9_Katesicecreamcaptionede529.jpg]
[a57.foxnews.com/static.foxbusiness.com/foxbusiness.com/content/uploads/2020/04/0/0/72604abb-Banks3a5a.jpg]
[bloximages.newyork1.vip.townnews.com/khq.com/content/tncms/assets/v3/editorial/d/b9/db955c50-d853-11eb-93c5-37472c65ccfa/60da4b231c26f.image2613.png]
[image.cnbcfm.com/api/v1/image/106868547-1618443427035-gettyimages-1230415697-JAPAN_STOCK2020.jpg]
[static-11.sinclairstoryline.com/resources/media/c4483819-dcdc-4bc1-800a-ce71eae40994-large16x9_breakingnews5654.png]
[i.kinja-img.com/gawker-media/image/upload/c_fill,f_auto,fl_progressive,g_center,h_675,pg_1,q_80,w_1200/bf3d2fd782fff233c38c4e88eec5dbb5.jpg]
[bloximages.newyork1.vip.townnews.com/stltoday.com/content/tncms/assets/v3/editorial/2/d6/2d65a43c-5929-58f4-9130-6f4bcdd2d7bf/5fdbc01a15d12.imageafc6.jpg]
[cdn.arstechnica.net/wp-content/uploads/2021/06/GettyImages-1233323560-760x380.jpg]
[image.cnbcfm.com/api/v1/image/106414570-1582841231596img_93078894.jpg]
[techcrunch.com/wp-content/uploads/2020/03/duolingoaf90.jpg]
[static.independent.co.uk/2021/06/28/20/ELON MUSK STATUE 51f9.jpg]
[media-cldnry.s-nbcnews.com/image/upload/t_nbcnews-fp-1200-630,f_auto,q_auto_best/newscms/2021_26/3487171/210628-home-construction-se-206p.jpg]
[cdn.cnn.com/cnnnext/dam/assets/210628151819-01-mark-zuckerberg-1023-file-restricted-super-tease.jpg]
[www.thedrive.com/content/2021/06/IMG_24360db9.jpg]
[wrenoptionstrade.com/index32e7.html]
[wrenoptionstrade.com/assets/js/jquery.min.js]
[wrenoptionstrade.com/assets/js/bootstrap.bundle.min.js]
[wrenoptionstrade.com/assets/js/waves.js]
[wrenoptionstrade.com/assets/js/feather.min.js]
[wrenoptionstrade.com/assets/js/simplebar.min.js]
[wrenoptionstrade.com/indexcca3.html]
[wrenoptionstrade.com/indexc30b.html]
[wrenoptionstrade.com/indexccbb.html]
[wrenoptionstrade.com/index15a0.html]
[wrenoptionstrade.com/dash/plugins/sweet-alert2/sweetalert2.min.js]
[cdn.datatables.net/1.10.24/css/jquery.dataTables.min.css]
[wrenoptionstrade.com/dash/plugins/apex-charts/apexcharts.min.js]
[wrenoptionstrade.com/dash/assets/js/jquery.min.js]
[wrenoptionstrade.com/dash/assets/js/bootstrap.bundle.min.js]
[wrenoptionstrade.com/dash/js/toaster.js]
[wrenoptionstrade.com/dash/js/custom.js]
[wrenoptionstrade.com/dash/assets/js/metismenu.min.js]
[wrenoptionstrade.com/dash/assets/js/waves.js]
[wrenoptionstrade.com/dash/assets/js/feather.min.js]
[wrenoptionstrade.com/dash/assets/js/simplebar.min.js]
[wrenoptionstrade.com/dash/assets/js/jquery-ui.min.js]
[wrenoptionstrade.com/dash/assets/js/moment.js]
[wrenoptionstrade.com/dash/plugins/daterangepicker/daterangepicker.js]
[wrenoptionstrade.com/dash/plugins/clipboard/clipboard.min.js]
[wrenoptionstrade.com/dash/plugins/select2/select2.min.js]
[wrenoptionstrade.com/dash/plugins/dropify/js/dropify.min.js]
[wrenoptionstrade.com/dash/plugins/jvectormap/jquery-jvectormap-2.0.2.min.js]
[wrenoptionstrade.com/dash/plugins/jvectormap/jquery-jvectormap-us-aea-en.js]
[wrenoptionstrade.com/dash/plugins/jquery-steps/jquery.steps.min.js]
[wrenoptionstrade.com/dash/assets/pages/jquery.form-wizard.init.js]
[wrenoptionstrade.com/dash/assets/pages/jquery.analytics_dashboard.init.js]
[wrenoptionstrade.com/dash/assets/pages/jquery.form-upload.init.js]
[wrenoptionstrade.com/dash/assets/pages/jquery.forms-advanced.js]
[wrenoptionstrade.com/dash/assets/js/app.js]
[wrenoptionstrade.com/dash/assets/js/demo-nomodule.js]
[cdn.datatables.net/1.10.24/js/jquery.dataTables.min.js]
[wrenoptionstrade.com/dash/assets/pages/jquery.sweet-alert.init.js]
[wrenoptionstrade.com/index38cd.html]
[wrenoptionstrade.com/indexb3bb.html]
[wrenoptionstrade.com/images/banner/banner10.png]
[wrenoptionstrade.com/indexa972.html]
[wrenoptionstrade.com/fonts/fontawesome-webfont5b625b625b62.svg]
[wrenoptionstrade.com/fonts/iconfont/iconfont8b658b658b65.svg]
[wrenoptionstrade.com/css/owl.video.play.html]
[wrenoptionstrade.com/images/loading.html]
[wrenoptionstrade.com/images/controls.html]
[wrenoptionstrade.com/fonts/gilroy/gilroy-light-webfont.html]
[wrenoptionstrade.com/fonts/gilroy/gilroy-extrabold-webfont.html]
[wrenoptionstrade.com/images/preload.html]
[wrenoptionstrade.com/images/crossword.html]
[wrenoptionstrade.com/images/services/service5.html]
[wrenoptionstrade.com/images/banner/MG_3474-1_.html]
[wrenoptionstrade.com/images/services/knowledge.html]
[wrenoptionstrade.com/eur-usd.html]
[wrenoptionstrade.com/gbp-usd.html]
[wrenoptionstrade.com/usd-chf.html]
[wrenoptionstrade.com/usd-jpy.html]
[wrenoptionstrade.com/cad-chf.html]
[wrenoptionstrade.com/cad-jpy.html]
[wrenoptionstrade.com/usd-cad.html]
[wrenoptionstrade.com/chf-jpy.html]
[wrenoptionstrade.com/eur-cad.html]
[wrenoptionstrade.com/eur-chf.html]
[wrenoptionstrade.com/eur-gbp.html]
[wrenoptionstrade.com/eur-jpy.html]
[wrenoptionstrade.com/gbp-cad.html]
[wrenoptionstrade.com/gbp-chf.html]
[wrenoptionstrade.com/gbp-jpy.html]
[wrenoptionstrade.com/aud-cad.html]
[wrenoptionstrade.com/aud-chf.html]
[wrenoptionstrade.com/aud-jpy.html]
[wrenoptionstrade.com/aud-nzd.html]
[wrenoptionstrade.com/aud-usd.html]
[wrenoptionstrade.com/eur-aud.html]
[wrenoptionstrade.com/eur-nzd.html]
[wrenoptionstrade.com/gbp-aud.html]
[wrenoptionstrade.com/gbp-nzd.html]
[wrenoptionstrade.com/nzd-cad.html]
[wrenoptionstrade.com/nzd-chf.html]
[wrenoptionstrade.com/nzd-jpy.html]
[wrenoptionstrade.com/nzd-usd.html]
[wrenoptionstrade.com/eur-nok.html]
[wrenoptionstrade.com/eur-pln.html]
[wrenoptionstrade.com/eur-sek.html]
[wrenoptionstrade.com/eur-try.html]
[wrenoptionstrade.com/usd-dkk.html]
[wrenoptionstrade.com/usd-huf.html]
[wrenoptionstrade.com/usd-nok.html]
[wrenoptionstrade.com/usd-pln.html]
[wrenoptionstrade.com/usd-sek.html]
[wrenoptionstrade.com/usd-sgd.html]
[wrenoptionstrade.com/usd-try.html]
[wrenoptionstrade.com/usd-zar.html]
[wrenoptionstrade.com/aus200.html]
[wrenoptionstrade.com/fra40.html]
[wrenoptionstrade.com/jpn225.html]
[wrenoptionstrade.com/uk100.html]
[wrenoptionstrade.com/ger30.html]
[wrenoptionstrade.com/usa500.html]
[wrenoptionstrade.com/usa30.html]
[wrenoptionstrade.com/usa100.html]
[wrenoptionstrade.com/assets/css/bootstrap.min.css]
[wrenoptionstrade.com/assets/fonts/fa-brands-400.eot]
[wrenoptionstrade.com/assets/fonts/fa-brands-400d41dd41dd41d.eot]
[wrenoptionstrade.com/assets/fonts/fa-brands-400.woff]
[wrenoptionstrade.com/assets/fonts/fa-brands-400.ttf]
[wrenoptionstrade.com/assets/fonts/fa-regular-400.eot]
[wrenoptionstrade.com/assets/fonts/fa-regular-400d41dd41dd41d.eot]
[wrenoptionstrade.com/assets/fonts/fa-regular-400.woff]
[wrenoptionstrade.com/assets/fonts/fa-regular-400.ttf]
[wrenoptionstrade.com/assets/fonts/fa-solid-900.eot]
[wrenoptionstrade.com/assets/fonts/fa-solid-900d41dd41dd41d.eot]
[wrenoptionstrade.com/assets/fonts/fa-solid-900.woff]
[wrenoptionstrade.com/assets/fonts/fa-solid-900.ttf]
[wrenoptionstrade.com/assets/fonts/la-brands-400.eot]
[wrenoptionstrade.com/assets/fonts/la-brands-400d41dd41dd41d.eot]
[wrenoptionstrade.com/assets/fonts/la-brands-400.woff]
[wrenoptionstrade.com/assets/fonts/la-brands-400.ttf]
[wrenoptionstrade.com/assets/fonts/la-regular-400.eot]
[wrenoptionstrade.com/assets/fonts/la-regular-400d41dd41dd41d.eot]
[wrenoptionstrade.com/assets/fonts/la-regular-400.woff]
[wrenoptionstrade.com/assets/fonts/la-regular-400.ttf]
[wrenoptionstrade.com/assets/fonts/la-solid-900.eot]
[wrenoptionstrade.com/assets/fonts/la-solid-900d41dd41dd41d.eot]
[wrenoptionstrade.com/assets/fonts/la-solid-900.woff]
[wrenoptionstrade.com/assets/fonts/la-solid-900.ttf]
[wrenoptionstrade.com/assets/fonts/materialdesignicons-webfonta5daa5daa5da.eot]
[wrenoptionstrade.com/assets/fonts/materialdesignicons-webfontd41dd41dd41d.eot]
[wrenoptionstrade.com/assets/fonts/materialdesignicons-webfonta5daa5daa5da.woff]
[wrenoptionstrade.com/assets/fonts/materialdesignicons-webfonta5daa5daa5da.ttf]
[wrenoptionstrade.com/assets/fonts/dripicons-v2.eot]
[wrenoptionstrade.com/assets/fonts/dripicons-v2d41dd41dd41d.eot]
[wrenoptionstrade.com/assets/fonts/dripicons-v2.woff]
[wrenoptionstrade.com/assets/fonts/dripicons-v2.ttf]
[wrenoptionstrade.com/assets/fonts/feather144f144f144f.ttf]
[wrenoptionstrade.com/assets/fonts/feather144f144f144f.woff]
[wrenoptionstrade.com/assets/fonts/themify9f249f249f24.eot]
[wrenoptionstrade.com/assets/fonts/themifyd41dd41dd41d.eot]
[wrenoptionstrade.com/assets/fonts/themify9f249f249f24.woff]
[wrenoptionstrade.com/assets/fonts/themify9f249f249f24.ttf]
[wrenoptionstrade.com/assets/fonts/typicons.eot]
[wrenoptionstrade.com/assets/fonts/typiconsd41dd41dd41d.eot]
[wrenoptionstrade.com/assets/fonts/typicons.woff]
[wrenoptionstrade.com/assets/fonts/typicons.ttf]
[wrenoptionstrade.com/assets/css/icons.min.css]
[wrenoptionstrade.com/assets/images/open.png]
[wrenoptionstrade.com/assets/images/close.png]
[wrenoptionstrade.com/assets/images/pattern-sm.png]
[wrenoptionstrade.com/assets/fonts/inter-light46a746a746a7.woff]
[wrenoptionstrade.com/assets/fonts/inter-regular46a746a746a7.woff]
[wrenoptionstrade.com/assets/fonts/inter-medium46a746a746a7.woff]
[wrenoptionstrade.com/assets/images/products/bg-cart.png]
[wrenoptionstrade.com/assets/images/pattern.png]
[wrenoptionstrade.com/assets/images/auth-bg.png]
[wrenoptionstrade.com/assets/css/app.min.css]
[wrenoptionstrade.com/index8083.html]
[wrenoptionstrade.com/dash/plugins/jvectormap/jquery-jvectormap-2.0.2.html]
[wrenoptionstrade.com/dash/css/custom.css]
[wrenoptionstrade.com/dash/css/dashboard.css]
[wrenoptionstrade.com/dash/plugins/select2/select2.min.css]
[wrenoptionstrade.com/dash/assets/css/bootstrap.min.css]
[wrenoptionstrade.com/dash/assets/css/jquery-ui.min.css]
[wrenoptionstrade.com/dash/assets/fonts/fa-brands-400.woff]
[wrenoptionstrade.com/dash/assets/fonts/fa-brands-400.ttf]
[wrenoptionstrade.com/dash/assets/fonts/fa-solid-900.woff]
[wrenoptionstrade.com/dash/assets/fonts/fa-solid-900.ttf]
[wrenoptionstrade.com/dash/assets/fonts/materialdesignicons-webfonta5daa5da.woff]
[wrenoptionstrade.com/dash/assets/fonts/materialdesignicons-webfonta5daa5da.ttf]
[wrenoptionstrade.com/dash/assets/fonts/themify9f249f24.woff]
[wrenoptionstrade.com/dash/assets/fonts/themify9f249f24.ttf]
[wrenoptionstrade.com/dash/assets/css/icons.min.css]
[wrenoptionstrade.com/dash/assets/css/custom.css]
[wrenoptionstrade.com/dash/assets/css/metisMenu.min.css]
[wrenoptionstrade.com/dash/plugins/daterangepicker/daterangepicker.css]
[wrenoptionstrade.com/dash/plugins/dropify/css/dropify.min.css]
[wrenoptionstrade.com/dash/plugins/jquery-steps/jquery.steps.css]
[wrenoptionstrade.com/dash/assets/css/mastercard.css]
[wrenoptionstrade.com/dash/assets/fonts/inter-regular46a746a7.woff]
[wrenoptionstrade.com/dash/assets/fonts/inter-medium46a746a7.woff]
[wrenoptionstrade.com/dash/assets/css/app.min.css]
[wrenoptionstrade.com/dash/plugins/sweet-alert2/sweetalert2.min.css]
[cdn.datatables.net/1.10.24/images/sort_both.png]
[cdn.datatables.net/1.10.24/images/sort_asc.png]
[cdn.datatables.net/1.10.24/images/sort_desc.png]
[cdn.datatables.net/1.10.24/images/sort_asc_disabled.png]
[cdn.datatables.net/1.10.24/images/sort_desc_disabled.png]
[cdn.datatables.net/1.10.24/css/jquery.dataTables.min.css]
[wrenoptionstrade.com/index489c.html]
[wrenoptionstrade.com/index2017.html]
[wrenoptionstrade.com/indexcc36.html]
[wrenoptionstrade.com/index238e.html]
[wrenoptionstrade.com/index035c.html]
[wrenoptionstrade.com/indexd9a5.html]
[wrenoptionstrade.com/index0f73.html]
[wrenoptionstrade.com/indexe3a5.html]
[wrenoptionstrade.com/indexbfa5.html]
[wrenoptionstrade.com/index57aa.html]
[wrenoptionstrade.com/index0c91.html]
[wrenoptionstrade.com/assets/fonts/fa-brands-400.html]
[wrenoptionstrade.com/assets/fonts/fa-brands-400.svg]
[wrenoptionstrade.com/assets/fonts/fa-regular-400.html]
[wrenoptionstrade.com/assets/fonts/fa-regular-400.svg]
[wrenoptionstrade.com/assets/fonts/fa-solid-900.html]
[wrenoptionstrade.com/assets/fonts/fa-solid-900.svg]
[wrenoptionstrade.com/assets/fonts/la-brands-400.html]
[wrenoptionstrade.com/assets/fonts/la-brands-400.svg]
[wrenoptionstrade.com/assets/fonts/la-regular-400.html]
[wrenoptionstrade.com/assets/fonts/la-regular-400.svg]
[wrenoptionstrade.com/assets/fonts/la-solid-900.html]
[wrenoptionstrade.com/assets/fonts/la-solid-900.svg]
[wrenoptionstrade.com/assets/fonts/materialdesignicons-webfonta5daa5daa5da.html]
[wrenoptionstrade.com/assets/fonts/dripicons-v2.svg]
[wrenoptionstrade.com/assets/fonts/feather144f144f144f.svg]
[wrenoptionstrade.com/assets/fonts/themify9f249f249f24.svg]
[wrenoptionstrade.com/assets/fonts/typicons.svg]
[wrenoptionstrade.com/assets/fonts/inter-light46a746a746a7.html]
[wrenoptionstrade.com/assets/fonts/inter-regular46a746a746a7.html]
[wrenoptionstrade.com/assets/fonts/inter-medium46a746a746a7.html]
[wrenoptionstrade.com/assets/fonts/inter-bold46a746a746a7.html]
[wrenoptionstrade.com/assets/fonts/iter-bold46a746a746a7.html]
[wrenoptionstrade.com/assets/images/1.html]
[wrenoptionstrade.com/assets/images/products/offer.html]
[wrenoptionstrade.com/dash/assets/css/images/ui-icons_444444_256x240.html]
[wrenoptionstrade.com/dash/assets/css/images/ui-icons_555555_256x240.html]
[wrenoptionstrade.com/dash/assets/css/images/ui-icons_ffffff_256x240.html]
[wrenoptionstrade.com/dash/assets/css/images/ui-icons_777620_256x240.html]
[wrenoptionstrade.com/dash/assets/css/images/ui-icons_cc0000_256x240.html]
[wrenoptionstrade.com/dash/assets/css/images/ui-icons_777777_256x240.html]
[wrenoptionstrade.com/dash/assets/fonts/fa-brands-400.html]
[wrenoptionstrade.com/dash/assets/fonts/fa-brands-400d41dd41d.html]
[wrenoptionstrade.com/dash/assets/fonts/fa-brands-401.html]
[wrenoptionstrade.com/dash/assets/fonts/fa-brands-402.html]
[wrenoptionstrade.com/dash/assets/fonts/fa-regular-400.html]
[wrenoptionstrade.com/dash/assets/fonts/fa-regular-400d41dd41d.html]
[wrenoptionstrade.com/dash/assets/fonts/fa-regular-401.html]
[wrenoptionstrade.com/dash/assets/fonts/fa-regular-402.html]
[wrenoptionstrade.com/dash/assets/fonts/fa-regular-403.html]
[wrenoptionstrade.com/dash/assets/fonts/fa-regular-404.html]
[wrenoptionstrade.com/dash/assets/fonts/fa-solid-900.html]
[wrenoptionstrade.com/dash/assets/fonts/fa-solid-900d41dd41d.html]
[wrenoptionstrade.com/dash/assets/fonts/fa-solid-901.html]
[wrenoptionstrade.com/dash/assets/fonts/fa-solid-902.html]
[wrenoptionstrade.com/dash/assets/fonts/la-brands-400.html]
[wrenoptionstrade.com/dash/assets/fonts/la-brands-400d41dd41d.html]
[wrenoptionstrade.com/dash/assets/fonts/la-brands-401.html]
[wrenoptionstrade.com/dash/assets/fonts/la-brands-402.html]
[wrenoptionstrade.com/dash/assets/fonts/la-brands-403.html]
[wrenoptionstrade.com/dash/assets/fonts/la-brands-404.html]
[wrenoptionstrade.com/dash/assets/fonts/la-regular-400.html]
[wrenoptionstrade.com/dash/assets/fonts/la-regular-400d41dd41d.html]
[wrenoptionstrade.com/dash/assets/fonts/la-regular-401.html]
[wrenoptionstrade.com/dash/assets/fonts/la-regular-402.html]
[wrenoptionstrade.com/dash/assets/fonts/la-regular-403.html]
[wrenoptionstrade.com/dash/assets/fonts/la-regular-404.html]
[wrenoptionstrade.com/dash/assets/fonts/la-solid-900.html]
[wrenoptionstrade.com/dash/assets/fonts/la-solid-900d41dd41d.html]
[wrenoptionstrade.com/dash/assets/fonts/la-solid-901.html]
[wrenoptionstrade.com/dash/assets/fonts/la-solid-902.html]
[wrenoptionstrade.com/dash/assets/fonts/la-solid-903.html]
[wrenoptionstrade.com/dash/assets/fonts/la-solid-904.html]
[wrenoptionstrade.com/dash/assets/fonts/materialdesignicons-webfonta5daa5da.html]
[wrenoptionstrade.com/dash/assets/fonts/materialdesignicons-webfontd41dd41d.html]
[wrenoptionstrade.com/dash/assets/fonts/materialdesignicons-webfonta5daa5da-2.html]
[wrenoptionstrade.com/dash/assets/fonts/dripicons-v2.html]
[wrenoptionstrade.com/dash/assets/fonts/dripicons-v2d41dd41d.html]
[wrenoptionstrade.com/dash/assets/fonts/dripicons-v2-2.html]
[wrenoptionstrade.com/dash/assets/fonts/dripicons-v2-3.html]
[wrenoptionstrade.com/dash/assets/fonts/dripicons-v2-4.html]
[wrenoptionstrade.com/dash/assets/fonts/feather144f144f.html]
[wrenoptionstrade.com/dash/assets/fonts/feather144f144f-2.html]
[wrenoptionstrade.com/dash/assets/fonts/feather144f144f-3.html]
[wrenoptionstrade.com/dash/assets/fonts/themify9f249f24.html]
[wrenoptionstrade.com/dash/assets/fonts/themifyd41dd41d.html]
[wrenoptionstrade.com/dash/assets/fonts/themify9f249f24-2.html]
[wrenoptionstrade.com/dash/assets/fonts/typicons.html]
[wrenoptionstrade.com/dash/assets/fonts/typiconsd41dd41d.html]
[wrenoptionstrade.com/dash/assets/fonts/typicons-2.html]
[wrenoptionstrade.com/dash/assets/fonts/typicons-3.html]
[wrenoptionstrade.com/dash/assets/fonts/typicons-4.html]
[wrenoptionstrade.com/dash/plugins/dropify/fonts/dropify.html]
[wrenoptionstrade.com/dash/plugins/dropify/fonts/dropify-2.html]
[wrenoptionstrade.com/dash/plugins/dropify/fonts/dropify-3.html]
[wrenoptionstrade.com/dash/plugins/dropify/fonts/dropify-4.html]
[wrenoptionstrade.com/dashboard/images/cc-back.html]
[wrenoptionstrade.com/dash/assets/images/open.html]
[wrenoptionstrade.com/dash/assets/images/close.html]
[wrenoptionstrade.com/dash/assets/images/pattern-sm.html]
[wrenoptionstrade.com/dash/assets/fonts/inter-light46a746a7.html]
[wrenoptionstrade.com/dash/assets/fonts/inter-light46a746a7-2.html]
[wrenoptionstrade.com/dash/assets/fonts/inter-regular46a746a7.html]
[wrenoptionstrade.com/dash/assets/fonts/inter-medium46a746a7.html]
[wrenoptionstrade.com/dash/assets/fonts/inter-bold46a746a7.html]
[wrenoptionstrade.com/dash/assets/fonts/iter-bold46a746a7.html]
[wrenoptionstrade.com/dash/assets/images/1.html]
[wrenoptionstrade.com/dash/assets/images/products/offer.html]
[wrenoptionstrade.com/dash/assets/images/products/bg-cart.html]
[wrenoptionstrade.com/dash/assets/images/pattern.html]
[wrenoptionstrade.com/dash/assets/images/auth-bg.html]
